Calculating task graph as no cached configuration is available for tasks: dependencies

> Task :dependencies

------------------------------------------------------------
Root project 'untitled'
------------------------------------------------------------

accessTransformers - AccessTransformers to widen visibility of Minecraft classes/fields/methods
No dependencies

accessTransformersElements - Published data files for accessTransformers (n)
No dependencies

additionalRuntimeClasspath
No dependencies

annotationProcessor - Annotation processors and their dependencies for source set 'main'.
No dependencies

api - API dependencies for the 'main' feature. (n)
No dependencies

apiElements - API elements for the 'main' feature. (n)
No dependencies

clientAdditionalRuntimeClasspath (n)
No dependencies

clientModulesOnly - Libraries that should be placed on the JVMs boot module path for run client.
+--- net.neoforged:neoforge:26.1.2.95
\--- net.neoforged:neoforge:{strictly 26.1.2.95} -> 26.1.2.95 (c)

compileClasspath - Compile classpath for source set 'main'.
+--- net.neoforged:neoforge:26.1.2.95 FAILED
\--- net.neoforged:neoforge:26.1.2.95 FAILED

compileOnly - Compile-only dependencies for the 'main' feature. (n)
No dependencies

compileOnlyApi - Compile-only API dependencies for the 'main' feature. (n)
No dependencies

dataAdditionalRuntimeClasspath (n)
No dependencies

dataModulesOnly - Libraries that should be placed on the JVMs boot module path for run data.
+--- net.neoforged:neoforge:26.1.2.95
\--- net.neoforged:neoforge:{strictly 26.1.2.95} -> 26.1.2.95 (c)

default - Configuration for default artifacts. (n)
No dependencies

devLaunchConfig - This configuration is used to inject DevLaunch and optionally DevLogin into the runtime classpaths of runs.
\--- net.neoforged:DevLaunch:1.0.2

gameTestServerAdditionalRuntimeClasspath (n)
No dependencies

gameTestServerModulesOnly - Libraries that should be placed on the JVMs boot module path for run gameTestServer.
+--- net.neoforged:neoforge:26.1.2.95
\--- net.neoforged:neoforge:{strictly 26.1.2.95} -> 26.1.2.95 (c)

implementation - Implementation dependencies for the 'main' feature. (n)
No dependencies

interfaceInjectionData - Interface injection data adds extend/implements clauses for interfaces to Minecraft code at development time
No dependencies

interfaceInjectionDataElements - Published data files for interfaceInjectionData (n)
No dependencies

jarJar
No dependencies

mainSourceElements - List of source directories contained in the Main SourceSet. (n)
No dependencies

modDevCompileDependencies - The compile-time dependencies to develop a mod, including Minecraft and modding platform classes. (n)
+--- unspecified (n)
+--- net.neoforged:neoforge:26.1.2.95 (n)
\--- net.neoforged:neoforge:26.1.2.95 (n)

modDevRuntimeDependencies - The runtime dependencies to develop a mod for, including Minecraft classes and modding platform classes. (n)
+--- unspecified (n)
+--- net.neoforged:neoforge:26.1.2.95 (n)
\--- net.neoforged:neoforge:26.1.2.95 (n)

neoForgeConfigOnly - Resolves exclusively the NeoForge userdev JSON for configuring runs
\--- net.neoforged:neoforge:26.1.2.95

neoFormRuntimeDependenciesCompileClasspath - Dependencies needed for running NeoFormRuntime for the selected NeoForge/NeoForm version (Classpath)
\--- net.neoforged:neoforge:26.1.2.95
     +--- org.ow2.asm:asm:{strictly 9.9.1} -> 9.9.1
     +--- org.ow2.asm:asm-commons:{strictly 9.9.1} -> 9.9.1
     |    +--- org.ow2.asm:asm:9.9.1
     |    \--- org.ow2.asm:asm-tree:9.9.1
     |         \--- org.ow2.asm:asm:9.9.1
     +--- org.ow2.asm:asm-tree:{strictly 9.9.1} -> 9.9.1 (*)
     +--- org.ow2.asm:asm-util:{strictly 9.9.1} -> 9.9.1
     |    +--- org.ow2.asm:asm:9.9.1
     |    +--- org.ow2.asm:asm-tree:9.9.1 (*)
     |    \--- org.ow2.asm:asm-analysis:9.9.1
     |         \--- org.ow2.asm:asm-tree:9.9.1 (*)
     +--- org.ow2.asm:asm-analysis:{strictly 9.9.1} -> 9.9.1 (*)
     +--- net.neoforged.fancymodloader:loader:11.0.15
     |    +--- org.ow2.asm:asm:9.9.1
     |    +--- org.ow2.asm:asm-tree:9.9.1 (*)
     |    +--- org.ow2.asm:asm-commons:9.9.1 (*)
     |    +--- net.neoforged:mergetool:2.0.0 -> 2.0.7
     |    +--- org.apache.logging.log4j:log4j-api:2.22.1 -> 2.25.2
     |    +--- com.google.guava:guava:31.1-jre -> 33.5.0-jre
     |    |    +--- com.google.guava:failureaccess:1.0.3
     |    |    +--- com.google.guava:listenablefuture:9999.0-empty-to-avoid-conflict-with-guava
     |    |    +--- org.jspecify:jspecify:1.0.0
     |    |    +--- com.google.errorprone:error_prone_annotations:2.41.0
     |    |    \--- com.google.j2objc:j2objc-annotations:3.1
     |    +--- com.google.code.gson:gson:2.10 -> 2.13.2
     |    |    \--- com.google.errorprone:error_prone_annotations:2.41.0
     |    +--- org.apache.maven:maven-artifact:3.8.5 -> 3.9.9
     |    |    \--- org.codehaus.plexus:plexus-utils:3.5.1
     |    +--- org.apache.commons:commons-lang3:3.12.0 -> 3.19.0
     |    +--- com.electronwill.night-config:core:3.8.0 -> 3.8.3
     |    +--- com.electronwill.night-config:toml:3.8.0 -> 3.8.3
     |    |    \--- com.electronwill.night-config:core:3.8.3
     |    +--- com.mojang:logging:1.1.1 -> 1.6.11
     |    +--- net.neoforged:JarJarSelector:0.5.0
     |    |    +--- net.neoforged:JarJarMetadata:0.5.0
     |    |    |    +--- org.apache.maven:maven-artifact:3.8.1 -> 3.9.9 (*)
     |    |    |    \--- com.google.code.gson:gson:2.8.5 -> 2.13.2 (*)
     |    |    +--- org.apache.maven:maven-artifact:3.8.1 -> 3.9.9 (*)
     |    |    \--- com.google.guava:guava:31.0.1-jre -> 33.5.0-jre (*)
     |    +--- net.neoforged:JarJarMetadata:0.5.0 (*)
     |    \--- net.neoforged:bus:8.0.5
     |         \--- net.jodah:typetools:0.6.3
     +--- net.neoforged.fancymodloader:earlydisplay:11.0.15
     +--- net.neoforged:accesstransformers:11.0.2
     |    +--- org.slf4j:slf4j-api:2.0.9 -> 2.0.17
     |    +--- org.ow2.asm:asm:9.7 -> 9.9.1
     |    +--- org.ow2.asm:asm-tree:9.7 -> 9.9.1 (*)
     |    +--- org.ow2.asm:asm-commons:9.7 -> 9.9.1 (*)
     |    \--- net.neoforged.accesstransformers:at-parser:11.0.2
     |         \--- org.slf4j:slf4j-api:2.0.9 -> 2.0.17
     +--- net.neoforged:bus:8.0.5 (*)
     +--- net.neoforged:mergetool:2.0.7
     +--- com.electronwill.night-config:core:3.8.3
     +--- com.electronwill.night-config:toml:3.8.3 (*)
     +--- org.apache.maven:maven-artifact:3.9.9 (*)
     +--- net.jodah:typetools:0.6.3
     +--- net.minecrell:terminalconsoleappender:1.3.0
     |    +--- org.apache.logging.log4j:log4j-core:2.8.1 -> 2.25.2
     |    |    \--- org.apache.logging.log4j:log4j-api:2.25.2
     |    \--- org.jline:jline-reader:3.20.0
     |         \--- org.jline:jline-terminal:3.20.0
     +--- net.fabricmc:sponge-mixin:0.17.3+mixin.0.8.7
     +--- net.neoforged:JarJarSelector:0.5.0 (*)
     +--- net.neoforged:JarJarMetadata:0.5.0 (*)
     +--- io.github.llamalad7:mixinextras-neoforge:0.5.4
     \--- net.neoforged:neoform:26.1.2-1
          +--- net.neoforged:minecraft-dependencies:26.1.2
          |    +--- at.yawk.lz4:lz4-java:{strictly 1.10.1} -> 1.10.1
          |    +--- com.azure:azure-json:{strictly 1.4.0} -> 1.4.0
          |    +--- com.github.oshi:oshi-core:{strictly 6.9.0} -> 6.9.0
          |    +--- com.google.code.gson:gson:{strictly 2.13.2} -> 2.13.2 (*)
          |    +--- com.google.guava:failureaccess:{strictly 1.0.3} -> 1.0.3
          |    +--- com.google.guava:guava:{strictly 33.5.0-jre} -> 33.5.0-jre (*)
          |    +--- com.ibm.icu:icu4j:{strictly 77.1} -> 77.1
          |    +--- com.microsoft.azure:msal4j:{strictly 1.23.1} -> 1.23.1
          |    +--- com.mojang:authlib:{strictly 7.0.63} -> 7.0.63
          |    +--- com.mojang:blocklist:{strictly 1.0.10} -> 1.0.10
          |    +--- com.mojang:brigadier:{strictly 1.3.10} -> 1.3.10
          |    +--- com.mojang:datafixerupper:{strictly 9.0.19} -> 9.0.19
          |    +--- com.mojang:jtracy:{strictly 1.0.37} -> 1.0.37
          |    +--- com.mojang:logging:{strictly 1.6.11} -> 1.6.11
          |    +--- com.mojang:patchy:{strictly 2.2.10} -> 2.2.10
          |    +--- com.mojang:text2speech:{strictly 1.18.11} -> 1.18.11
          |    +--- commons-codec:commons-codec:{strictly 1.19.0} -> 1.19.0
          |    +--- commons-io:commons-io:{strictly 2.20.0} -> 2.20.0
          |    +--- io.netty:netty-buffer:{strictly 4.2.7.Final} -> 4.2.7.Final
          |    +--- io.netty:netty-codec-base:{strictly 4.2.7.Final} -> 4.2.7.Final
          |    +--- io.netty:netty-codec-compression:{strictly 4.2.7.Final} -> 4.2.7.Final
          |    +--- io.netty:netty-codec-http:{strictly 4.2.7.Final} -> 4.2.7.Final
          |    +--- io.netty:netty-common:{strictly 4.2.7.Final} -> 4.2.7.Final
          |    +--- io.netty:netty-handler:{strictly 4.2.7.Final} -> 4.2.7.Final
          |    +--- io.netty:netty-resolver:{strictly 4.2.7.Final} -> 4.2.7.Final
          |    +--- io.netty:netty-transport-classes-epoll:{strictly 4.2.7.Final} -> 4.2.7.Final
          |    +--- io.netty:netty-transport-classes-kqueue:{strictly 4.2.7.Final} -> 4.2.7.Final
          |    +--- io.netty:netty-transport-native-unix-common:{strictly 4.2.7.Final} -> 4.2.7.Final
          |    +--- io.netty:netty-transport:{strictly 4.2.7.Final} -> 4.2.7.Final
          |    +--- it.unimi.dsi:fastutil:{strictly 8.5.18} -> 8.5.18
          |    +--- net.java.dev.jna:jna-platform:{strictly 5.17.0} -> 5.17.0
          |    +--- net.java.dev.jna:jna:{strictly 5.17.0} -> 5.17.0
          |    +--- net.sf.jopt-simple:jopt-simple:{strictly 5.0.4} -> 5.0.4
          |    +--- org.apache.commons:commons-compress:{strictly 1.28.0} -> 1.28.0
          |    +--- org.apache.commons:commons-lang3:{strictly 3.19.0} -> 3.19.0
          |    +--- org.apache.logging.log4j:log4j-api:{strictly 2.25.2} -> 2.25.2
          |    +--- org.apache.logging.log4j:log4j-core:{strictly 2.25.2} -> 2.25.2 (*)
          |    +--- org.apache.logging.log4j:log4j-slf4j2-impl:{strictly 2.25.2} -> 2.25.2
          |    +--- org.jcraft:jorbis:{strictly 0.0.17} -> 0.0.17
          |    +--- org.joml:joml:{strictly 1.10.8} -> 1.10.8
          |    +--- org.jspecify:jspecify:{strictly 1.0.0} -> 1.0.0
          |    +--- org.lwjgl:lwjgl-freetype:{strictly 3.4.1} -> 3.4.1
          |    +--- org.lwjgl:lwjgl-glfw:{strictly 3.4.1} -> 3.4.1
          |    +--- org.lwjgl:lwjgl-jemalloc:{strictly 3.4.1} -> 3.4.1
          |    +--- org.lwjgl:lwjgl-openal:{strictly 3.4.1} -> 3.4.1
          |    +--- org.lwjgl:lwjgl-opengl:{strictly 3.4.1} -> 3.4.1
          |    +--- org.lwjgl:lwjgl-stb:{strictly 3.4.1} -> 3.4.1
          |    +--- org.lwjgl:lwjgl-tinyfd:{strictly 3.4.1} -> 3.4.1
          |    +--- org.lwjgl:lwjgl:{strictly 3.4.1} -> 3.4.1
          |    +--- org.slf4j:slf4j-api:{strictly 2.0.17} -> 2.0.17
          |    \--- ca.weblite:java-objc-bridge:{strictly 1.1} -> 1.1
          |         \--- net.java.dev.jna:jna:5.10.0 -> 5.17.0
          +--- net.neoforged:mergetool:2.0.7
          +--- com.google.code.findbugs:jsr305:3.0.2
          +--- org.jetbrains:annotations:26.0.2-1
          \--- ca.weblite:java-objc-bridge:1.1 (*)

neoFormRuntimeDependenciesNeoForgeClasses - Dependencies needed for running NeoFormRuntime for the selected NeoForge/NeoForm version (NeoForge classes)
\--- net.neoforged:neoforge:26.1.2.95
     \--- net.neoforged:neoform:26.1.2-1
          +--- net.neoforged.installertools:installertools:4.0.16
          |    +--- net.neoforged:AutoRenamingTool:2.0.16
          |    |    +--- net.sf.jopt-simple:jopt-simple:6.0-alpha-3
          |    |    +--- org.ow2.asm:asm:9.5 -> 9.9.1
          |    |    +--- org.ow2.asm:asm-commons:9.5 -> 9.9.1
          |    |    |    +--- org.ow2.asm:asm:9.9.1
          |    |    |    \--- org.ow2.asm:asm-tree:9.9.1
          |    |    |         \--- org.ow2.asm:asm:9.9.1
          |    |    +--- org.ow2.asm:asm-tree:9.5 -> 9.9.1 (*)
          |    |    +--- net.neoforged.javadoctor:gson-io:2.0.17
          |    |    |    +--- net.neoforged.javadoctor:spec:2.0.17
          |    |    |    \--- com.google.code.gson:gson:2.10.1
          |    |    +--- net.neoforged:srgutils:1.0.0
          |    |    \--- net.neoforged.installertools:cli-utils:2.1.4 -> 4.0.16
          |    +--- net.neoforged:srgutils:1.0.0
          |    +--- net.sf.jopt-simple:jopt-simple:5.0.4 -> 6.0-alpha-3
          |    +--- com.google.code.gson:gson:2.8.9 -> 2.10.1
          |    +--- de.siegmar:fastcsv:2.0.0
          |    +--- org.ow2.asm:asm-commons:9.9.1 (*)
          |    +--- org.tukaani:xz:1.10
          |    +--- com.nothome:javaxdelta:2.0.1
          |    |    \--- trove:trove:1.0.2
          |    +--- net.neoforged:accesstransformers:13.0.1
          |    |    +--- org.ow2.asm:asm:9.7 -> 9.9.1
          |    |    +--- org.ow2.asm:asm-tree:9.7 -> 9.9.1 (*)
          |    |    +--- org.ow2.asm:asm-commons:9.7 -> 9.9.1 (*)
          |    |    \--- net.neoforged.accesstransformers:at-parser:13.0.1
          |    +--- net.neoforged.installertools:cli-utils:4.0.16
          |    \--- net.neoforged.installertools:binarypatcher:4.0.16
          |         +--- net.sf.jopt-simple:jopt-simple:5.0.4 -> 6.0-alpha-3
          |         +--- org.tukaani:xz:1.10
          |         +--- com.nothome:javaxdelta:2.0.1 (*)
          |         +--- org.ow2.asm:asm:9.9.1
          |         \--- net.neoforged.installertools:cli-utils:4.0.16
          +--- org.vineflower:vineflower:1.11.2
          \--- net.neoforged:vineflower-plugins:0.1.5
               \--- org.vineflower:vineflower:1.11.2

neoFormRuntimeDependenciesNeoForgeSources - Dependencies needed for running NeoFormRuntime for the selected NeoForge/NeoForm version (NeoForge sources)
\--- net.neoforged:neoforge:26.1.2.95

neoFormRuntimeDependenciesRuntimeClasspath - Dependencies needed for running NeoFormRuntime for the selected NeoForge/NeoForm version (Classpath)
+--- net.neoforged:neoforge:26.1.2.95
|    +--- org.ow2.asm:asm:{strictly 9.9.1} -> 9.9.1
|    +--- org.ow2.asm:asm-commons:{strictly 9.9.1} -> 9.9.1
|    |    +--- org.ow2.asm:asm:9.9.1
|    |    \--- org.ow2.asm:asm-tree:9.9.1
|    |         \--- org.ow2.asm:asm:9.9.1
|    +--- org.ow2.asm:asm-tree:{strictly 9.9.1} -> 9.9.1 (*)
|    +--- org.ow2.asm:asm-util:{strictly 9.9.1} -> 9.9.1
|    |    +--- org.ow2.asm:asm:9.9.1
|    |    +--- org.ow2.asm:asm-tree:9.9.1 (*)
|    |    \--- org.ow2.asm:asm-analysis:9.9.1
|    |         \--- org.ow2.asm:asm-tree:9.9.1 (*)
|    +--- org.ow2.asm:asm-analysis:{strictly 9.9.1} -> 9.9.1 (*)
|    +--- net.neoforged.fancymodloader:loader:11.0.15
|    |    +--- net.sf.jopt-simple:jopt-simple:5.0.4
|    |    +--- net.neoforged:accesstransformers:11.0.2
|    |    |    +--- org.slf4j:slf4j-api:2.0.9 -> 2.0.17
|    |    |    +--- org.ow2.asm:asm:9.7 -> 9.9.1
|    |    |    +--- org.ow2.asm:asm-tree:9.7 -> 9.9.1 (*)
|    |    |    +--- org.ow2.asm:asm-commons:9.7 -> 9.9.1 (*)
|    |    |    \--- net.neoforged.accesstransformers:at-parser:11.0.2
|    |    |         \--- org.slf4j:slf4j-api:2.0.9 -> 2.0.17
|    |    +--- net.minecrell:terminalconsoleappender:1.3.0
|    |    |    +--- org.apache.logging.log4j:log4j-core:2.8.1 -> 2.25.2
|    |    |    |    \--- org.apache.logging.log4j:log4j-api:2.25.2
|    |    |    \--- org.jline:jline-reader:3.20.0
|    |    |         \--- org.jline:jline-terminal:3.20.0
|    |    +--- commons-io:commons-io:2.11.0 -> 2.20.0
|    |    +--- org.lwjgl:lwjgl-bom:3.4.1
|    |    |    +--- org.lwjgl:lwjgl:3.4.1 (c)
|    |    |    +--- org.lwjgl:lwjgl-freetype:3.4.1 (c)
|    |    |    +--- org.lwjgl:lwjgl-glfw:3.4.1 (c)
|    |    |    +--- org.lwjgl:lwjgl-jemalloc:3.4.1 (c)
|    |    |    +--- org.lwjgl:lwjgl-openal:3.4.1 (c)
|    |    |    +--- org.lwjgl:lwjgl-opengl:3.4.1 (c)
|    |    |    +--- org.lwjgl:lwjgl-stb:3.4.1 (c)
|    |    |    \--- org.lwjgl:lwjgl-tinyfd:3.4.1 (c)
|    |    +--- org.lwjgl:lwjgl-tinyfd -> 3.4.1
|    |    |    \--- org.lwjgl:lwjgl:3.4.1
|    |    +--- org.apache.logging.log4j:log4j-core:2.22.1 -> 2.25.2 (*)
|    |    +--- org.ow2.asm:asm:9.9.1
|    |    +--- org.ow2.asm:asm-tree:9.9.1 (*)
|    |    +--- org.ow2.asm:asm-commons:9.9.1 (*)
|    |    +--- net.neoforged:mergetool:2.0.0 -> 2.0.7
|    |    |    +--- org.ow2.asm:asm:9.5 -> 9.9.1
|    |    |    +--- org.ow2.asm:asm-tree:9.5 -> 9.9.1 (*)
|    |    |    +--- org.ow2.asm:asm-util:9.5 -> 9.9.1 (*)
|    |    |    +--- net.sf.jopt-simple:jopt-simple:5.0.4
|    |    |    \--- net.neoforged:srgutils:1.0.10
|    |    +--- org.apache.logging.log4j:log4j-api:2.22.1 -> 2.25.2
|    |    +--- com.google.guava:guava:31.1-jre -> 33.5.0-jre
|    |    |    +--- com.google.guava:failureaccess:1.0.3
|    |    |    +--- com.google.guava:listenablefuture:9999.0-empty-to-avoid-conflict-with-guava
|    |    |    +--- org.jspecify:jspecify:1.0.0
|    |    |    +--- com.google.errorprone:error_prone_annotations:2.41.0
|    |    |    \--- com.google.j2objc:j2objc-annotations:3.1
|    |    +--- com.google.code.gson:gson:2.10 -> 2.13.2
|    |    |    \--- com.google.errorprone:error_prone_annotations:2.41.0
|    |    +--- org.apache.maven:maven-artifact:3.8.5 -> 3.9.9
|    |    |    \--- org.codehaus.plexus:plexus-utils:3.5.1
|    |    +--- org.apache.commons:commons-lang3:3.12.0 -> 3.19.0
|    |    +--- com.electronwill.night-config:core:3.8.0 -> 3.8.3
|    |    +--- com.electronwill.night-config:toml:3.8.0 -> 3.8.3
|    |    |    \--- com.electronwill.night-config:core:3.8.3
|    |    +--- com.mojang:logging:1.1.1 -> 1.6.11
|    |    |    +--- org.apache.logging.log4j:log4j-slf4j2-impl:2.25.2
|    |    |    |    +--- org.apache.logging.log4j:log4j-api:2.25.2
|    |    |    |    \--- org.apache.logging.log4j:log4j-core:2.25.2 (*)
|    |    |    +--- org.apache.logging.log4j:log4j-api:2.25.2
|    |    |    \--- org.apache.logging.log4j:log4j-core:2.25.2 (*)
|    |    +--- net.neoforged:JarJarSelector:0.5.0
|    |    |    +--- net.neoforged:JarJarMetadata:0.5.0
|    |    |    |    +--- org.apache.maven:maven-artifact:3.8.1 -> 3.9.9 (*)
|    |    |    |    \--- com.google.code.gson:gson:2.8.5 -> 2.13.2 (*)
|    |    |    +--- org.apache.maven:maven-artifact:3.8.1 -> 3.9.9 (*)
|    |    |    \--- com.google.guava:guava:31.0.1-jre -> 33.5.0-jre (*)
|    |    +--- net.neoforged:JarJarMetadata:0.5.0 (*)
|    |    \--- net.neoforged:bus:8.0.5
|    |         +--- org.ow2.asm:asm:9.2 -> 9.9.1
|    |         +--- org.apache.logging.log4j:log4j-api:2.17.1 -> 2.25.2
|    |         \--- net.jodah:typetools:0.6.3
|    +--- net.neoforged.fancymodloader:earlydisplay:11.0.15
|    |    +--- net.neoforged.fancymodloader:loader:11.0.15 (*)
|    |    \--- net.sf.jopt-simple:jopt-simple:5.0.4
|    +--- net.neoforged:accesstransformers:11.0.2 (*)
|    +--- net.neoforged:bus:8.0.5 (*)
|    +--- net.neoforged:mergetool:2.0.7 (*)
|    +--- com.electronwill.night-config:core:3.8.3
|    +--- com.electronwill.night-config:toml:3.8.3 (*)
|    +--- org.apache.maven:maven-artifact:3.9.9 (*)
|    +--- net.jodah:typetools:0.6.3
|    +--- net.minecrell:terminalconsoleappender:1.3.0 (*)
|    +--- net.fabricmc:sponge-mixin:0.17.3+mixin.0.8.7
|    +--- net.neoforged:JarJarSelector:0.5.0 (*)
|    +--- net.neoforged:JarJarMetadata:0.5.0 (*)
|    \--- net.neoforged:neoform:26.1.2-1
|         +--- net.neoforged:minecraft-dependencies:26.1.2
|         |    +--- at.yawk.lz4:lz4-java:{strictly 1.10.1} -> 1.10.1
|         |    +--- com.azure:azure-json:{strictly 1.4.0} -> 1.4.0
|         |    +--- com.github.oshi:oshi-core:{strictly 6.9.0} -> 6.9.0
|         |    +--- com.google.code.gson:gson:{strictly 2.13.2} -> 2.13.2 (*)
|         |    +--- com.google.guava:failureaccess:{strictly 1.0.3} -> 1.0.3
|         |    +--- com.google.guava:guava:{strictly 33.5.0-jre} -> 33.5.0-jre (*)
|         |    +--- com.ibm.icu:icu4j:{strictly 77.1} -> 77.1
|         |    +--- com.microsoft.azure:msal4j:{strictly 1.23.1} -> 1.23.1
|         |    +--- com.mojang:authlib:{strictly 7.0.63} -> 7.0.63
|         |    +--- com.mojang:blocklist:{strictly 1.0.10} -> 1.0.10
|         |    +--- com.mojang:brigadier:{strictly 1.3.10} -> 1.3.10
|         |    +--- com.mojang:datafixerupper:{strictly 9.0.19} -> 9.0.19
|         |    +--- com.mojang:jtracy:{strictly 1.0.37} -> 1.0.37
|         |    +--- com.mojang:logging:{strictly 1.6.11} -> 1.6.11 (*)
|         |    +--- com.mojang:patchy:{strictly 2.2.10} -> 2.2.10
|         |    +--- com.mojang:text2speech:{strictly 1.18.11} -> 1.18.11
|         |    +--- commons-codec:commons-codec:{strictly 1.19.0} -> 1.19.0
|         |    +--- commons-io:commons-io:{strictly 2.20.0} -> 2.20.0
|         |    +--- io.netty:netty-buffer:{strictly 4.2.7.Final} -> 4.2.7.Final
|         |    +--- io.netty:netty-codec-base:{strictly 4.2.7.Final} -> 4.2.7.Final
|         |    +--- io.netty:netty-codec-compression:{strictly 4.2.7.Final} -> 4.2.7.Final
|         |    +--- io.netty:netty-codec-http:{strictly 4.2.7.Final} -> 4.2.7.Final
|         |    +--- io.netty:netty-common:{strictly 4.2.7.Final} -> 4.2.7.Final
|         |    +--- io.netty:netty-handler:{strictly 4.2.7.Final} -> 4.2.7.Final
|         |    +--- io.netty:netty-resolver:{strictly 4.2.7.Final} -> 4.2.7.Final
|         |    +--- io.netty:netty-transport-classes-epoll:{strictly 4.2.7.Final} -> 4.2.7.Final
|         |    +--- io.netty:netty-transport-classes-kqueue:{strictly 4.2.7.Final} -> 4.2.7.Final
|         |    +--- io.netty:netty-transport-native-unix-common:{strictly 4.2.7.Final} -> 4.2.7.Final
|         |    +--- io.netty:netty-transport:{strictly 4.2.7.Final} -> 4.2.7.Final
|         |    +--- it.unimi.dsi:fastutil:{strictly 8.5.18} -> 8.5.18
|         |    +--- net.java.dev.jna:jna-platform:{strictly 5.17.0} -> 5.17.0
|         |    +--- net.java.dev.jna:jna:{strictly 5.17.0} -> 5.17.0
|         |    +--- net.sf.jopt-simple:jopt-simple:{strictly 5.0.4} -> 5.0.4
|         |    +--- org.apache.commons:commons-compress:{strictly 1.28.0} -> 1.28.0
|         |    +--- org.apache.commons:commons-lang3:{strictly 3.19.0} -> 3.19.0
|         |    +--- org.apache.logging.log4j:log4j-api:{strictly 2.25.2} -> 2.25.2
|         |    +--- org.apache.logging.log4j:log4j-core:{strictly 2.25.2} -> 2.25.2 (*)
|         |    +--- org.apache.logging.log4j:log4j-slf4j2-impl:{strictly 2.25.2} -> 2.25.2 (*)
|         |    +--- org.jcraft:jorbis:{strictly 0.0.17} -> 0.0.17
|         |    +--- org.joml:joml:{strictly 1.10.8} -> 1.10.8
|         |    +--- org.jspecify:jspecify:{strictly 1.0.0} -> 1.0.0
|         |    +--- org.lwjgl:lwjgl-freetype:{strictly 3.4.1} -> 3.4.1
|         |    +--- org.lwjgl:lwjgl-glfw:{strictly 3.4.1} -> 3.4.1
|         |    +--- org.lwjgl:lwjgl-jemalloc:{strictly 3.4.1} -> 3.4.1
|         |    +--- org.lwjgl:lwjgl-openal:{strictly 3.4.1} -> 3.4.1
|         |    +--- org.lwjgl:lwjgl-opengl:{strictly 3.4.1} -> 3.4.1
|         |    +--- org.lwjgl:lwjgl-stb:{strictly 3.4.1} -> 3.4.1
|         |    +--- org.lwjgl:lwjgl-tinyfd:{strictly 3.4.1} -> 3.4.1 (*)
|         |    +--- org.lwjgl:lwjgl:{strictly 3.4.1} -> 3.4.1
|         |    +--- org.slf4j:slf4j-api:{strictly 2.0.17} -> 2.0.17
|         |    \--- net.neoforged:minecraft-dependencies:{strictly 26.1.2} -> 26.1.2 (*)
|         +--- net.neoforged:mergetool:2.0.7 (*)
|         +--- com.google.code.findbugs:jsr305:3.0.2
|         +--- org.jetbrains:annotations:26.0.2-1
|         \--- ca.weblite:java-objc-bridge:1.1
|              \--- net.java.dev.jna:jna:5.10.0 -> 5.17.0
\--- net.neoforged:neoforge:26.1.2.95 (*)

neoFormRuntimeExternalTools - The external tools used by NeoFormRuntime
\--- net.neoforged:neoform-runtime:2.0.24
     +--- io.codechicken:DiffPatch:2.0.0.36
     |    +--- net.covers1624:Quack:0.4.10.101
     |    +--- it.unimi.dsi:fastutil:8.3.1
     |    +--- org.apache.commons:commons-lang3:3.9
     |    +--- org.apache.commons:commons-compress:1.18
     |    +--- org.tukaani:xz:1.8 -> 1.10
     |    \--- net.sf.jopt-simple:jopt-simple:5.0.4 -> 6.0-alpha-3
     +--- net.neoforged:AutoRenamingTool:2.0.17
     |    +--- net.sf.jopt-simple:jopt-simple:6.0-alpha-3
     |    +--- org.ow2.asm:asm:9.5 -> 9.9.1
     |    +--- org.ow2.asm:asm-commons:9.5 -> 9.9.1
     |    |    +--- org.ow2.asm:asm:9.9.1
     |    |    \--- org.ow2.asm:asm-tree:9.9.1
     |    |         \--- org.ow2.asm:asm:9.9.1
     |    +--- org.ow2.asm:asm-tree:9.5 -> 9.9.1 (*)
     |    +--- net.neoforged.javadoctor:gson-io:2.0.17
     |    |    +--- net.neoforged.javadoctor:spec:2.0.17
     |    |    \--- com.google.code.gson:gson:2.10.1
     |    +--- net.neoforged:srgutils:1.0.0
     |    \--- net.neoforged.installertools:cli-utils:2.1.4 -> 4.0.12
     +--- net.neoforged.jst:jst-cli-bundle:2.0.10
     +--- net.minecraftforge:mergetool:1.1.7
     |    +--- org.ow2.asm:asm:9.5 -> 9.9.1
     |    +--- org.ow2.asm:asm-tree:9.5 -> 9.9.1 (*)
     |    +--- org.ow2.asm:asm-util:9.5
     |    |    +--- org.ow2.asm:asm:9.5 -> 9.9.1
     |    |    +--- org.ow2.asm:asm-tree:9.5 -> 9.9.1 (*)
     |    |    \--- org.ow2.asm:asm-analysis:9.5
     |    |         \--- org.ow2.asm:asm-tree:9.5 -> 9.9.1 (*)
     |    +--- net.sf.jopt-simple:jopt-simple:5.0.4 -> 6.0-alpha-3
     |    \--- net.minecraftforge:srgutils:0.4.15
     \--- net.neoforged.installertools:installertools:4.0.12
          +--- net.neoforged:AutoRenamingTool:2.0.16 -> 2.0.17 (*)
          +--- net.neoforged:srgutils:1.0.0
          +--- net.sf.jopt-simple:jopt-simple:5.0.4 -> 6.0-alpha-3
          +--- com.google.code.gson:gson:2.8.9 -> 2.10.1
          +--- de.siegmar:fastcsv:2.0.0
          +--- org.ow2.asm:asm-commons:9.9.1 (*)
          +--- org.tukaani:xz:1.10
          +--- com.nothome:javaxdelta:2.0.1
          |    \--- trove:trove:1.0.2
          +--- net.neoforged:accesstransformers:13.0.1
          |    +--- org.ow2.asm:asm:9.7 -> 9.9.1
          |    +--- org.ow2.asm:asm-tree:9.7 -> 9.9.1 (*)
          |    +--- org.ow2.asm:asm-commons:9.7 -> 9.9.1 (*)
          |    \--- net.neoforged.accesstransformers:at-parser:13.0.1
          +--- net.neoforged.installertools:cli-utils:4.0.12
          \--- net.neoforged.installertools:binarypatcher:4.0.12
               +--- net.sf.jopt-simple:jopt-simple:5.0.4 -> 6.0-alpha-3
               +--- org.tukaani:xz:1.10
               +--- com.nothome:javaxdelta:2.0.1 (*)
               +--- org.ow2.asm:asm:9.9.1
               \--- net.neoforged.installertools:cli-utils:4.0.12

neoFormRuntimeTool - The NeoFormRuntime CLI tool
\--- net.neoforged:neoform-runtime:2.0.24

parchmentData - Data used to add parameter names and javadoc to Minecraft sources
\--- org.parchmentmc.data:parchment-1.21.11:2025.12.21-nightly-SNAPSHOT

runtimeClasspath - Runtime classpath of source set 'main'.
+--- net.neoforged:DevLaunch:1.0.2
+--- net.neoforged:neoforge:26.1.2.95
|    +--- org.ow2.asm:asm:{strictly 9.9.1} -> 9.9.1
|    +--- org.ow2.asm:asm-commons:{strictly 9.9.1} -> 9.9.1
|    |    +--- org.ow2.asm:asm:9.9.1
|    |    \--- org.ow2.asm:asm-tree:9.9.1
|    |         \--- org.ow2.asm:asm:9.9.1
|    +--- org.ow2.asm:asm-tree:{strictly 9.9.1} -> 9.9.1 (*)
|    +--- org.ow2.asm:asm-util:{strictly 9.9.1} -> 9.9.1
|    |    +--- org.ow2.asm:asm:9.9.1
|    |    +--- org.ow2.asm:asm-tree:9.9.1 (*)
|    |    \--- org.ow2.asm:asm-analysis:9.9.1
|    |         \--- org.ow2.asm:asm-tree:9.9.1 (*)
|    +--- org.ow2.asm:asm-analysis:{strictly 9.9.1} -> 9.9.1 (*)
|    +--- net.neoforged.fancymodloader:loader:11.0.15
|    |    +--- net.sf.jopt-simple:jopt-simple:5.0.4
|    |    +--- net.neoforged:accesstransformers:11.0.2
|    |    |    +--- org.slf4j:slf4j-api:2.0.9 -> 2.0.17
|    |    |    +--- org.ow2.asm:asm:9.7 -> 9.9.1
|    |    |    +--- org.ow2.asm:asm-tree:9.7 -> 9.9.1 (*)
|    |    |    +--- org.ow2.asm:asm-commons:9.7 -> 9.9.1 (*)
|    |    |    \--- net.neoforged.accesstransformers:at-parser:11.0.2
|    |    |         \--- org.slf4j:slf4j-api:2.0.9 -> 2.0.17
|    |    +--- net.minecrell:terminalconsoleappender:1.3.0
|    |    |    +--- org.apache.logging.log4j:log4j-core:2.8.1 -> 2.25.2
|    |    |    |    \--- org.apache.logging.log4j:log4j-api:2.25.2
|    |    |    \--- org.jline:jline-reader:3.20.0
|    |    |         \--- org.jline:jline-terminal:3.20.0
|    |    +--- commons-io:commons-io:2.11.0 -> 2.20.0
|    |    +--- org.lwjgl:lwjgl-bom:3.4.1
|    |    |    +--- org.lwjgl:lwjgl:3.4.1 (c)
|    |    |    +--- org.lwjgl:lwjgl-freetype:3.4.1 (c)
|    |    |    +--- org.lwjgl:lwjgl-glfw:3.4.1 (c)
|    |    |    +--- org.lwjgl:lwjgl-jemalloc:3.4.1 (c)
|    |    |    +--- org.lwjgl:lwjgl-openal:3.4.1 (c)
|    |    |    +--- org.lwjgl:lwjgl-opengl:3.4.1 (c)
|    |    |    +--- org.lwjgl:lwjgl-stb:3.4.1 (c)
|    |    |    \--- org.lwjgl:lwjgl-tinyfd:3.4.1 (c)
|    |    +--- org.lwjgl:lwjgl-tinyfd -> 3.4.1
|    |    |    \--- org.lwjgl:lwjgl:3.4.1
|    |    +--- org.apache.logging.log4j:log4j-core:2.22.1 -> 2.25.2 (*)
|    |    +--- org.ow2.asm:asm:9.9.1
|    |    +--- org.ow2.asm:asm-tree:9.9.1 (*)
|    |    +--- org.ow2.asm:asm-commons:9.9.1 (*)
|    |    +--- net.neoforged:mergetool:2.0.0 -> 2.0.7
|    |    |    +--- org.ow2.asm:asm:9.5 -> 9.9.1
|    |    |    +--- org.ow2.asm:asm-tree:9.5 -> 9.9.1 (*)
|    |    |    +--- org.ow2.asm:asm-util:9.5 -> 9.9.1 (*)
|    |    |    +--- net.sf.jopt-simple:jopt-simple:5.0.4
|    |    |    \--- net.neoforged:srgutils:1.0.10
|    |    +--- org.apache.logging.log4j:log4j-api:2.22.1 -> 2.25.2
|    |    +--- com.google.guava:guava:31.1-jre -> 33.5.0-jre
|    |    |    +--- com.google.guava:failureaccess:1.0.3
|    |    |    +--- com.google.guava:listenablefuture:9999.0-empty-to-avoid-conflict-with-guava
|    |    |    +--- org.jspecify:jspecify:1.0.0
|    |    |    +--- com.google.errorprone:error_prone_annotations:2.41.0
|    |    |    \--- com.google.j2objc:j2objc-annotations:3.1
|    |    +--- com.google.code.gson:gson:2.10 -> 2.13.2
|    |    |    \--- com.google.errorprone:error_prone_annotations:2.41.0
|    |    +--- org.apache.maven:maven-artifact:3.8.5 -> 3.9.9
|    |    |    \--- org.codehaus.plexus:plexus-utils:3.5.1
|    |    +--- org.apache.commons:commons-lang3:3.12.0 -> 3.19.0
|    |    +--- com.electronwill.night-config:core:3.8.0 -> 3.8.3
|    |    +--- com.electronwill.night-config:toml:3.8.0 -> 3.8.3
|    |    |    \--- com.electronwill.night-config:core:3.8.3
|    |    +--- com.mojang:logging:1.1.1 -> 1.6.11
|    |    |    +--- org.apache.logging.log4j:log4j-slf4j2-impl:2.25.2
|    |    |    |    +--- org.apache.logging.log4j:log4j-api:2.25.2
|    |    |    |    \--- org.apache.logging.log4j:log4j-core:2.25.2 (*)
|    |    |    +--- org.apache.logging.log4j:log4j-api:2.25.2
|    |    |    \--- org.apache.logging.log4j:log4j-core:2.25.2 (*)
|    |    +--- net.neoforged:JarJarSelector:0.5.0
|    |    |    +--- net.neoforged:JarJarMetadata:0.5.0
|    |    |    |    +--- org.apache.maven:maven-artifact:3.8.1 -> 3.9.9 (*)
|    |    |    |    \--- com.google.code.gson:gson:2.8.5 -> 2.13.2 (*)
|    |    |    +--- org.apache.maven:maven-artifact:3.8.1 -> 3.9.9 (*)
|    |    |    \--- com.google.guava:guava:31.0.1-jre -> 33.5.0-jre (*)
|    |    +--- net.neoforged:JarJarMetadata:0.5.0 (*)
|    |    \--- net.neoforged:bus:8.0.5
|    |         +--- org.ow2.asm:asm:9.2 -> 9.9.1
|    |         +--- org.apache.logging.log4j:log4j-api:2.17.1 -> 2.25.2
|    |         \--- net.jodah:typetools:0.6.3
|    +--- net.neoforged.fancymodloader:earlydisplay:11.0.15
|    |    +--- net.neoforged.fancymodloader:loader:11.0.15 (*)
|    |    \--- net.sf.jopt-simple:jopt-simple:5.0.4
|    +--- net.neoforged:accesstransformers:11.0.2 (*)
|    +--- net.neoforged:bus:8.0.5 (*)
|    +--- net.neoforged:mergetool:2.0.7 (*)
|    +--- com.electronwill.night-config:core:3.8.3
|    +--- com.electronwill.night-config:toml:3.8.3 (*)
|    +--- org.apache.maven:maven-artifact:3.9.9 (*)
|    +--- net.jodah:typetools:0.6.3
|    +--- net.minecrell:terminalconsoleappender:1.3.0 (*)
|    +--- net.fabricmc:sponge-mixin:0.17.3+mixin.0.8.7
|    +--- net.neoforged:JarJarSelector:0.5.0 (*)
|    +--- net.neoforged:JarJarMetadata:0.5.0 (*)
|    \--- net.neoforged:neoform:26.1.2-1
|         +--- net.neoforged:minecraft-dependencies:26.1.2
|         |    +--- at.yawk.lz4:lz4-java:{strictly 1.10.1} -> 1.10.1
|         |    +--- com.azure:azure-json:{strictly 1.4.0} -> 1.4.0
|         |    +--- com.github.oshi:oshi-core:{strictly 6.9.0} -> 6.9.0
|         |    +--- com.google.code.gson:gson:{strictly 2.13.2} -> 2.13.2 (*)
|         |    +--- com.google.guava:failureaccess:{strictly 1.0.3} -> 1.0.3
|         |    +--- com.google.guava:guava:{strictly 33.5.0-jre} -> 33.5.0-jre (*)
|         |    +--- com.ibm.icu:icu4j:{strictly 77.1} -> 77.1
|         |    +--- com.microsoft.azure:msal4j:{strictly 1.23.1} -> 1.23.1
|         |    +--- com.mojang:authlib:{strictly 7.0.63} -> 7.0.63
|         |    +--- com.mojang:blocklist:{strictly 1.0.10} -> 1.0.10
|         |    +--- com.mojang:brigadier:{strictly 1.3.10} -> 1.3.10
|         |    +--- com.mojang:datafixerupper:{strictly 9.0.19} -> 9.0.19
|         |    +--- com.mojang:jtracy:{strictly 1.0.37} -> 1.0.37
|         |    +--- com.mojang:logging:{strictly 1.6.11} -> 1.6.11 (*)
|         |    +--- com.mojang:patchy:{strictly 2.2.10} -> 2.2.10
|         |    +--- com.mojang:text2speech:{strictly 1.18.11} -> 1.18.11
|         |    +--- commons-codec:commons-codec:{strictly 1.19.0} -> 1.19.0
|         |    +--- commons-io:commons-io:{strictly 2.20.0} -> 2.20.0
|         |    +--- io.netty:netty-buffer:{strictly 4.2.7.Final} -> 4.2.7.Final
|         |    +--- io.netty:netty-codec-base:{strictly 4.2.7.Final} -> 4.2.7.Final
|         |    +--- io.netty:netty-codec-compression:{strictly 4.2.7.Final} -> 4.2.7.Final
|         |    +--- io.netty:netty-codec-http:{strictly 4.2.7.Final} -> 4.2.7.Final
|         |    +--- io.netty:netty-common:{strictly 4.2.7.Final} -> 4.2.7.Final
|         |    +--- io.netty:netty-handler:{strictly 4.2.7.Final} -> 4.2.7.Final
|         |    +--- io.netty:netty-resolver:{strictly 4.2.7.Final} -> 4.2.7.Final
|         |    +--- io.netty:netty-transport-classes-epoll:{strictly 4.2.7.Final} -> 4.2.7.Final
|         |    +--- io.netty:netty-transport-classes-kqueue:{strictly 4.2.7.Final} -> 4.2.7.Final
|         |    +--- io.netty:netty-transport-native-unix-common:{strictly 4.2.7.Final} -> 4.2.7.Final
|         |    +--- io.netty:netty-transport:{strictly 4.2.7.Final} -> 4.2.7.Final
|         |    +--- it.unimi.dsi:fastutil:{strictly 8.5.18} -> 8.5.18
|         |    +--- net.java.dev.jna:jna-platform:{strictly 5.17.0} -> 5.17.0
|         |    +--- net.java.dev.jna:jna:{strictly 5.17.0} -> 5.17.0
|         |    +--- net.sf.jopt-simple:jopt-simple:{strictly 5.0.4} -> 5.0.4
|         |    +--- org.apache.commons:commons-compress:{strictly 1.28.0} -> 1.28.0
|         |    +--- org.apache.commons:commons-lang3:{strictly 3.19.0} -> 3.19.0
|         |    +--- org.apache.logging.log4j:log4j-api:{strictly 2.25.2} -> 2.25.2
|         |    +--- org.apache.logging.log4j:log4j-core:{strictly 2.25.2} -> 2.25.2 (*)
|         |    +--- org.apache.logging.log4j:log4j-slf4j2-impl:{strictly 2.25.2} -> 2.25.2 (*)
|         |    +--- org.jcraft:jorbis:{strictly 0.0.17} -> 0.0.17
|         |    +--- org.joml:joml:{strictly 1.10.8} -> 1.10.8
|         |    +--- org.jspecify:jspecify:{strictly 1.0.0} -> 1.0.0
|         |    +--- org.lwjgl:lwjgl-freetype:{strictly 3.4.1} -> 3.4.1
|         |    +--- org.lwjgl:lwjgl-glfw:{strictly 3.4.1} -> 3.4.1
|         |    +--- org.lwjgl:lwjgl-jemalloc:{strictly 3.4.1} -> 3.4.1
|         |    +--- org.lwjgl:lwjgl-openal:{strictly 3.4.1} -> 3.4.1
|         |    +--- org.lwjgl:lwjgl-opengl:{strictly 3.4.1} -> 3.4.1
|         |    +--- org.lwjgl:lwjgl-stb:{strictly 3.4.1} -> 3.4.1
|         |    +--- org.lwjgl:lwjgl-tinyfd:{strictly 3.4.1} -> 3.4.1 (*)
|         |    +--- org.lwjgl:lwjgl:{strictly 3.4.1} -> 3.4.1
|         |    +--- org.slf4j:slf4j-api:{strictly 2.0.17} -> 2.0.17
|         |    \--- net.neoforged:minecraft-dependencies:{strictly 26.1.2} -> 26.1.2 (*)
|         +--- net.neoforged:mergetool:2.0.7 (*)
|         +--- com.google.code.findbugs:jsr305:3.0.2
|         +--- org.jetbrains:annotations:26.0.2-1
|         \--- ca.weblite:java-objc-bridge:1.1
|              \--- net.java.dev.jna:jna:5.10.0 -> 5.17.0
\--- net.neoforged:neoforge:26.1.2.95 (*)

runtimeElements - Runtime elements for the 'main' feature. (n)
No dependencies

runtimeOnly - Runtime-only dependencies for the 'main' feature. (n)
No dependencies

serverAdditionalRuntimeClasspath (n)
No dependencies

serverModulesOnly - Libraries that should be placed on the JVMs boot module path for run server.
+--- net.neoforged:neoforge:26.1.2.95
\--- net.neoforged:neoforge:{strictly 26.1.2.95} -> 26.1.2.95 (c)

testAnnotationProcessor - Annotation processors and their dependencies for source set 'test'.
No dependencies

testCompileClasspath - Compile classpath for source set 'test'.
No dependencies

testCompileOnly - Compile only dependencies for source set 'test'. (n)
No dependencies

testImplementation - Implementation only dependencies for source set 'test'. (n)
No dependencies

testJarJar
No dependencies

testRuntimeClasspath - Runtime classpath of source set 'test'.
No dependencies

testRuntimeOnly - Runtime only dependencies for source set 'test'. (n)
No dependencies

(c) - A dependency constraint, not a dependency. The dependency affected by the constraint occurs elsewhere in the tree.
(*) - Indicates repeated occurrences of a transitive dependency subtree. Gradle expands transitive dependency subtrees only once per project; repeat occurrences only display the root of the subtree, followed by this annotation.

(n) - A dependency or dependency configuration that cannot be resolved.

A web-based, searchable dependency report is available by adding the --scan option.

BUILD SUCCESSFUL in 2s
1 actionable task: 1 executed
Configuration cache entry stored.
